Info: Start Nativelink Simulation process

========= EDA Simulation Settings =====================

Sim Mode              :  Gate
Family                :  cyclonev
Quartus root          :  c:/intelfpga_standard/24.1std/quartus/bin64/
Quartus sim root      :  c:/intelfpga_standard/24.1std/quartus/eda/sim_lib
Simulation Tool       :  questa intel fpga
Simulation Language   :  verilog
Simulation Mode       :  GUI
Sim Output File       :  CNN_FPGA.vo
Sim SDF file          :  CNN_FPGA__verilog.sdo
Sim dir               :  simulation\questa

=======================================================

Info: Starting NativeLink simulation with Questa Intel FPGA software
Sourced NativeLink script c:/intelfpga_standard/24.1std/quartus/common/tcl/internal/nativelink/modelsim.tcl
Warning: File CNN_FPGA_run_msim_gate_verilog.do already exists - backing up current file as CNN_FPGA_run_msim_gate_verilog.do.bak3
Info: Spawning Questa Intel FPGA Simulation software 
Info: NativeLink simulation flow was successful
